<s> አሽኔ ማን </s> (tr00-150)
<s> ሶስተኛ የዓቃቢ ህግ ምስክር ሙሉ ስሞትን ይንገሩን </s> (tr00-151)
<s> የመኖሪያ አድራሻዎት ክልል የት ነው </s> (tr00-152)
<s> የቤት ቁጥር </s> (tr00-153)
<s> ዛሬ ለምን መጡ </s> (tr00-154)
<s> ተከሳሾችን ጋ ያውቋቸዋል </s> (tr00-155)
<s> በአካል ያውቋቸዋል </s> (tr00-156)
<s> በምንድን ነው የሚያውቋቸው ታዲያ </s> (tr00-157)
<s> ንፋስ ስልክ ላፍቶ ቀበሌ ዜሮ ሁለት </s> (tr09-001)
<s> አርባ </s> (tr09-002)
<s> አዲስ አባ ነው </s> (tr09-003)
<s> ሒሳብ ሠራተኛ </s> (tr09-004)
<s> ምስክርነት ተጠርቼ </s> (tr09-005)
<s> የእሳቸው ሒሳብ ሠራተኛ ቅጥረኛ ነኝ </s> (tr09-006)
<s> ኦዲት ተደርጐ በገቢዎች በኩል ከፍለናል </s> (tr09-007)
<s> የተጨማሪ እሴት ታክስም የትርፍ ግብርም </s> (tr09-008)
<s> በአገር ውስጥ ገቢ ኦዲተሮች </s> (tr09-009)
<s> በሰነዱ የመጣውን በሙሉ ልዩነት ከፍለናል </s> (tr09-010)
<s> ኦዲት ተደርጐ የተገኘ ልዩነት የለም </s> (tr09-011)
<s> ወረቀት አላቸው </s> (tr09-012)
<s> እርስ በእርስ ሚፈራረሙበት </s> (tr09-013)
<s> እቃውን ከጉምሩክ ካወጣ በኋላ ሸጦ መልሶ ለዛ ሰው ይሰጣል </s> (tr09-014)
<s> እኔ አላቀውም </s> (tr09-015)
<s> ዝም ብሎ ፎርም ነው </s> (tr12-001)
<s> አሁንም በቅርብ ተለዋውጠናል </s> (tr12-002)
<s> በእቁብ የማገኘው ብሮች አሉ </s> (tr12-003)
<s> ስለዚህ ከመነገጃዬ ብቻ አደለም እማበድረው </s> (tr12-004)
<s> ከአንድ ሚሊየንም ያልፋሉ </s> (tr12-005)
<s> ለቀረጥ እንደሆነ አቃለሁ </s> (tr12-006)
<s> ለጉምሩክ ሊከፍል እንደሆነ አቃለሁ </s> (tr12-007)
<s> ሲሞላለት ወደ ባንክ ነው የሚሄደው ማለት ነው </s> (tr12-008)
<s> ሸሚዙ ምን አይነት ነበር </s> (tr23-001)
<s> ++FP++ የጉሳዬ ጠቅላላ ንግድ ድርጅት የተመዘገብንበት ማለት ነው እሱን ሲወስዱ ከየት ነበር የወሰዱት </s> (tr23-002)
<s> ከየቱ ጋ እንዳገኙት እራሳችሁ ነው የወሰዳችሁት ወይስ እኛ ነን የሰጠናችሁ </s> (tr23-003)
<s> ++FP++ ወስደናል ብለዋል መጀመሪያ ማለት ነው አሁን አንተ </s> (tr23-004)
<s> እሽ እኔ እንትን እንዳልኩ እንደጨረስን ይዛችሁኝ ወደ የት ነው የሄዳችሁት ወደ የት ነው ይዛችሁኝ የሄዳችሁት </s> (tr23-005)
<s> ከዛ ተመልሳችሁ አልመጣችሁም </s> (tr23-006)
<s> እሽ መልስስ የወሰዳችሁት </s> (tr23-007)
<s> በዛን ሰዓት አዎ </s> (tr23-008)
<s> እኔን ከቤት ይዛችሁኝ ስትወጡ ወደ የት ነው ይዛችሁኝ የሄዳችሁት </s> (tr23-009)
<s> አሁን ልትመልስልን ያልከው ብር ማለት ነው </s> (tr23-010)
<s> የት ነው የሰጠኋችሁ የት ቤት ነው እኛ ጋ ነው ወይስ ጐረቤት ነው የት ነው </s> (tr23-011)
<s> መካኒክ </s> (tr25-001)
<s> አዲስ አባ </s> (tr25-002)
<s> ቂርቆስ ክፍለ ከተማ </s> (tr25-003)
<s> ወረዳ ++FP++ ++FP++ ++HES++ ++HES++ ቀበሌ ዜሮ ሁለት ዜሮ ሶስት </s> (tr25-004)
<s> በአቶ አብዱሰላም </s> (tr25-005)
<s> ፀብ የለኝም </s> (tr25-006)
<s> አቶ አብዱሰላም ++FP++ ቶዮታ ላንድክሩዘር ቀለም ፌድ አድርጐ ቀለም ባጅ ያለው ቀለም ተመሳሳይ ቀለም እንደቀባላቸው በብር አምስት ሺህ ብር ተነጋግረው ቀብድ አንድ ሺህ አምስት መቶ ብር ሰጡኝ መኪናውን ልሰራ አስገባሁኝ </s> (tr25-007)
<s> በወቅቱ መኪናውን ሰርቼ ጨርሼ ኑ እና ተረከቡ ብያቸው ብዙን ጊዜ ++HES++ በተከታታይ ብደውል አልመጡልኝም ቀሪ ሦስት ሺህ አምስት መቶ ብር ይቀራቸዋል </s> (tr25-008)
<s> ያ እንዲህ እንዳል ያው ++FP++ መኪናውን ሰርቼ ያቁምኩት መኪና ከገቢዎች እና ጉምሩክ ነው የመጣነው ብለው ++LP++ ++BR++ እንደውም እኔ የሰራሁበትን ሳትሰጡ እንዴት ትወስዳላችሁ ብዬ ባናግራቸውም ይሄ የ ያው የምናጣራው ነገር አለ ሲሉኝ ያው ይዤላቸው ሄድኩኝ መኪናውን አስረከብቤ መጣሁ </s> (tr25-009)
<s> ዘጠና ዘጠኝ አምስት ስልሳ ሶስት ኮድ ሁለት </s> (tr25-010)
<s> ሰንጋ ተራ </s> (tr25-011)
<s> እዚህ ሰንጋ ተራ አካባቢ </s> (tr25-012)
<s> ሻንሲውን አላስታውስም </s> (tr25-013)
<s> ++FP++ ጳጉሜ አንድ ሁለትሽ ሁለት ዓመተ ምህረት </s> (tr25-014)
<s> የመኪናውን ውስጥ አካል ያው አናይም ብዙን ጊዜ ያው ያለውን የሥራ ሁኔታ ነው የሚወስነው ++OTH++ የምንሰራው ቀለም ስለሆነ ለቀለም ስራ ነው ያመጡት ወደኛ </s> (tr25-015)
<s> አድማሱ አሽኔ </s> (tr26-001)
<s> አሽኔ ተክለማርያም </s> (tr26-002)
<s> አርባ አምስት </s> (tr26-003)
<s> መካኒክ </s> (tr26-004)
<s> አዲስ አባ </s> (tr26-005)
<s> ወረዳ ስድስት </s> (tr26-006)
<s> ሰንጋ ተራ </s> (tr26-007)
<s> ++FP++ አይነቱ ካሪና ነው ቀለሙ ነጭ ነው ኮድ ቁጥሩ ኮድ ሁለት ዜሮ ++HES++ አስራ አንድ ሃያ ሁለት ነው ኦሮ </s> (tr26-008)
<s> በተሽከርካሪው ላይ የሰራነው ቀለል ያለ ነው ፊሪሲዮን አልቋል ተብሎ </s> (tr26-009)
<s> አለቃችን አቶ ዳንኤል አሉ ያንን ፊሪሲዮን ፈታን ስንፈታው አልቋል ያንን ከዛ ++HES++ ተገዛልን አዲስ ++HES++ ገጥመን እንደቆመች የጉምሩክ እንትኖች መተው ሕጋዊ አይደለም ብለው ወሰዷቸው </s> (tr26-010)
<s> የ++FP++ መኪናው ባለቤት ይቅረቡ ተብሎ </s> (tr26-011)
